ASxxxx Linker V03.00 + NoICE + sdld,  page 1.
Hexadecimal  [32-Bits]

Area                                    Addr        Size        Decimal Bytes (Attributes)
--------------------------------        ----        ----        ------- ----- ------------
CABS                                00000000    00000000 =           0. bytes (ABS,CON,CODE)

      Value  Global                              Global Defined In Module
      -----  --------------------------------   ------------------------
C:   00000000  l_BIT_BANK                      
C:   00000000  l_CABS                          
C:   00000000  l_CONST                         
C:   00000000  l_GSINIT1                       
C:   00000000  l_GSINIT5                       
C:   00000000  l_IABS                          
C:   00000000  l_ISEG                          
C:   00000000  l_PSEG                          
C:   00000000  l_REG_BANK_1                    
C:   00000000  l_REG_BANK_2                    
C:   00000000  l_REG_BANK_3                    
C:   00000000  l_RSEG                          
C:   00000000  l_RSEG0                         
C:   00000000  l_RSEG1                         
C:   00000000  l_XABS                          
C:   00000000  l_XINIT                         
C:   00000000  l_XISEG                         
C:   00000000  l_XSEG                          
C:   00000000  l__CODE                         
C:   00000000  s_BSEG                          
C:   00000000  s_CABS                          
C:   00000000  s_DSEG                          
C:   00000000  s_HOME                          
C:   00000000  s_IABS                          
C:   00000000  s_ISEG                          
C:   00000000  s_REG_BANK_0                    
C:   00000000  s_RSEG                          
C:   00000000  s_RSEG0                         
C:   00000000  s_RSEG1                         
C:   00000000  s_XABS                          
C:   00000001  l_BSEG                          
C:   00000001  l_BSEG_BYTES                    
C:   00000001  l_OSEG                          
C:   00000001  s_PSEG                          
C:   00000001  s_XISEG                         
C:   00000001  s_XSEG                          
C:   00000003  l_GSFINAL                       
C:   00000003  l_GSINIT0                       
C:   00000006  l_GSINIT                        
C:   00000006  l_HOME                          
C:   00000006  s_GSINIT0                       
C:   00000008  l_REG_BANK_0                    
C:   00000008  s_OSEG                          
C:   00000008  s_REG_BANK_1                    
C:   00000009  s_GSINIT1                       
C:   00000009  s_GSINIT2                       
C:   0000000A  l_GSINIT2                       
C:   00000010  s_REG_BANK_2                    
C:   00000013  s_GSINIT3                       
C:   00000018  s_BIT_BANK                      
ASxxxx Linker V03.00 + NoICE + sdld,  page 2.
Hexadecimal  [32-Bits]

Area                                    Addr        Size        Decimal Bytes (Attributes)
--------------------------------        ----        ----        ------- ----- ------------
CABS                                00000000    00000000 =           0. bytes (ABS,CON,CODE)

      Value  Global                              Global Defined In Module
      -----  --------------------------------   ------------------------
C:   00000018  s_REG_BANK_3                    
C:   00000020  s_BSEG_BYTES                    
C:   00000020  s__CODE                         
C:   00000022  l_GSINIT3                       
C:   0000002A  l_GSINIT4                       
C:   00000035  s_GSINIT4                       
C:   0000005F  s_GSINIT                        
C:   0000005F  s_GSINIT5                       
C:   00000065  s_GSFINAL                       
C:   00000068  s_CSEG                          
C:   00000069  l_DSEG                          
C:   0000006E  s_SSEG                          
C:   00000092  l_SSEG                          
C:   00000100  l_IRAM                          
C:   00000249  l_CSEG                          
C:   000002B1  s_CONST                         
C:   000002B1  s_XINIT                         

ASxxxx Linker V03.00 + NoICE + sdld,  page 3.
Hexadecimal  [32-Bits]

Area                                    Addr        Size        Decimal Bytes (Attributes)
--------------------------------        ----        ----        ------- ----- ------------
.  .ABS.                            00000000    00000000 =           0. bytes (ABS,CON)

      Value  Global                              Global Defined In Module
      -----  --------------------------------   ------------------------
     00000000  .__.ABS.                           _startup
     00000080  _P0                                SquareEdition
     00000080  _P0_0                              SquareEdition
     00000081  _P0_1                              SquareEdition
     00000081  _SP                                SquareEdition
     00000082  _DPL                               SquareEdition
     00000082  _P0_2                              SquareEdition
     00000083  _DPH                               SquareEdition
     00000083  _P0_3                              SquareEdition
     00000084  _P0_4                              SquareEdition
     00000085  _P0_5                              SquareEdition
     00000086  _P0_6                              SquareEdition
     00000087  _P0_7                              SquareEdition
     00000087  _PCON                              SquareEdition
     00000088  _IT0                               SquareEdition
     00000088  _TCON                              SquareEdition
     00000089  _IE0                               SquareEdition
     00000089  _TMOD                              SquareEdition
     0000008A  _IT1                               SquareEdition
     0000008A  _TL0                               SquareEdition
     0000008B  _IE1                               SquareEdition
     0000008B  _TL1                               SquareEdition
     0000008C  _TH0                               SquareEdition
     0000008C  _TR0                               SquareEdition
     0000008D  _TF0                               SquareEdition
     0000008D  _TH1                               SquareEdition
     0000008E  _TR1                               SquareEdition
     0000008F  _TF1                               SquareEdition
     00000090  _P1                                SquareEdition
     00000090  _P1_0                              SquareEdition
     00000091  _P1_1                              SquareEdition
     00000092  _P1_2                              SquareEdition
     00000093  _P1_3                              SquareEdition
     00000094  _P1_4                              SquareEdition
     00000095  _P1_5                              SquareEdition
     00000096  _P1_6                              SquareEdition
     00000097  _P1_7                              SquareEdition
     00000098  _RI                                SquareEdition
     00000098  _SCON                              SquareEdition
     00000099  _SBUF                              SquareEdition
     00000099  _TI                                SquareEdition
     0000009A  _RB8                               SquareEdition
     0000009B  _TB8                               SquareEdition
     0000009C  _REN                               SquareEdition
     0000009D  _SM2                               SquareEdition
     0000009E  _SM1                               SquareEdition
     0000009F  _SM0                               SquareEdition
     000000A0  _P2                                SquareEdition
     000000A0  _P2_0                              SquareEdition
     000000A0  __XPAGE                            
ASxxxx Linker V03.00 + NoICE + sdld,  page 4.
Hexadecimal  [32-Bits]

Area                                    Addr        Size        Decimal Bytes (Attributes)
--------------------------------        ----        ----        ------- ----- ------------
.  .ABS.                            00000000    00000000 =           0. bytes (ABS,CON)

      Value  Global                              Global Defined In Module
      -----  --------------------------------   ------------------------
     000000A1  _P2_1                              SquareEdition
     000000A2  _P2_2                              SquareEdition
     000000A3  _P2_3                              SquareEdition
     000000A4  _P2_4                              SquareEdition
     000000A5  _P2_5                              SquareEdition
     000000A6  _P2_6                              SquareEdition
     000000A7  _P2_7                              SquareEdition
     000000A8  _EX0                               SquareEdition
     000000A8  _IE                                SquareEdition
     000000A9  _ET0                               SquareEdition
     000000AA  _EX1                               SquareEdition
     000000AB  _ET1                               SquareEdition
     000000AC  _ES                                SquareEdition
     000000AD  _ET2                               SquareEdition
     000000AF  _EA                                SquareEdition
     000000B0  _P3                                SquareEdition
     000000B0  _P3_0                              SquareEdition
     000000B0  _RXD                               SquareEdition
     000000B1  _P3_1                              SquareEdition
     000000B1  _TXD                               SquareEdition
     000000B2  _INT0                              SquareEdition
     000000B2  _P3_2                              SquareEdition
     000000B3  _INT1                              SquareEdition
     000000B3  _P3_3                              SquareEdition
     000000B4  _P3_4                              SquareEdition
     000000B4  _T0                                SquareEdition
     000000B5  _P3_5                              SquareEdition
     000000B5  _T1                                SquareEdition
     000000B6  _P3_6                              SquareEdition
     000000B6  _WR                                SquareEdition
     000000B7  _P3_7                              SquareEdition
     000000B7  _RD                                SquareEdition
     000000B8  _IP                                SquareEdition
     000000B8  _PX0                               SquareEdition
     000000B9  _PT0                               SquareEdition
     000000BA  _PX1                               SquareEdition
     000000BB  _PT1                               SquareEdition
     000000BC  _PS                                SquareEdition
     000000BD  _PT2                               SquareEdition
     000000C8  _CP_RL2                            SquareEdition
     000000C8  _T2CON                             SquareEdition
     000000C8  _T2CON_0                           SquareEdition
     000000C9  _C_T2                              SquareEdition
     000000C9  _T2CON_1                           SquareEdition
     000000CA  _RCAP2L                            SquareEdition
     000000CA  _T2CON_2                           SquareEdition
     000000CA  _TR2                               SquareEdition
     000000CB  _EXEN2                             SquareEdition
     000000CB  _RCAP2H                            SquareEdition
     000000CB  _T2CON_3                           SquareEdition
     000000CC  _T2CON_4                           SquareEdition
ASxxxx Linker V03.00 + NoICE + sdld,  page 5.
Hexadecimal  [32-Bits]

Area                                    Addr        Size        Decimal Bytes (Attributes)
--------------------------------        ----        ----        ------- ----- ------------
.  .ABS.                            00000000    00000000 =           0. bytes (ABS,CON)

      Value  Global                              Global Defined In Module
      -----  --------------------------------   ------------------------
     000000CC  _TCLK                              SquareEdition
     000000CC  _TL2                               SquareEdition
     000000CD  _RCLK                              SquareEdition
     000000CD  _T2CON_5                           SquareEdition
     000000CD  _TH2                               SquareEdition
     000000CE  _EXF2                              SquareEdition
     000000CE  _T2CON_6                           SquareEdition
     000000CF  _T2CON_7                           SquareEdition
     000000CF  _TF2                               SquareEdition
     000000D0  _P                                 SquareEdition
     000000D0  _PSW                               SquareEdition
     000000D1  _F1                                SquareEdition
     000000D2  _OV                                SquareEdition
     000000D3  _RS0                               SquareEdition
     000000D4  _RS1                               SquareEdition
     000000D5  _F0                                SquareEdition
     000000D6  _AC                                SquareEdition
     000000D7  _CY                                SquareEdition
     000000E0  _ACC                               SquareEdition
     000000F0  _B                                 SquareEdition
     000000F5  _B_5                               _gptrput
     000000F6  _B_6                               _gptrput
     000000F7  _B_7                               _gptrput

ASxxxx Linker V03.00 + NoICE + sdld,  page 6.
Hexadecimal  [32-Bits]

Area                                    Addr        Size        Decimal Bytes (Attributes)
--------------------------------        ----        ----        ------- ----- ------------
BSEG_BYTES                          00000020    00000001 =           1. bytes (REL,CON)

      Value  Global                              Global Defined In Module
      -----  --------------------------------   ------------------------
ASxxxx Linker V03.00 + NoICE + sdld,  page 7.
Hexadecimal  [32-Bits]

Area                                    Addr        Size        Decimal Bytes (Attributes)
--------------------------------        ----        ----        ------- ----- ------------
REG_BANK_0                          00000000    00000008 =           8. bytes (REL,OVR)

      Value  Global                              Global Defined In Module
      -----  --------------------------------   ------------------------
ASxxxx Linker V03.00 + NoICE + sdld,  page 8.
Hexadecimal  [32-Bits]

Area                                    Addr        Size        Decimal Bytes (Attributes)
--------------------------------        ----        ----        ------- ----- ------------
DSEG                                00000000    00000069 =         105. bytes (REL,CON)

      Value  Global                              Global Defined In Module
      -----  --------------------------------   ------------------------
     00000021  _Write_Max7219_PARM_2              SquareEdition
     00000022  _leds                              SquareEdition
     0000002A  _snake                             SquareEdition
     0000006A  _snake_len                         SquareEdition
     0000006C  _food                              SquareEdition

ASxxxx Linker V03.00 + NoICE + sdld,  page 9.
Hexadecimal  [32-Bits]

Area                                    Addr        Size        Decimal Bytes (Attributes)
--------------------------------        ----        ----        ------- ----- ------------
OSEG                                00000008    00000001 =           1. bytes (REL,OVR)

      Value  Global                              Global Defined In Module
      -----  --------------------------------   ------------------------
     00000008  __gptrput_PARM_2                   _gptrput

ASxxxx Linker V03.00 + NoICE + sdld,  page 10.
Hexadecimal  [32-Bits]

Area                                    Addr        Size        Decimal Bytes (Attributes)
--------------------------------        ----        ----        ------- ----- ------------
SSEG                                0000006E    00000092 =         146. bytes (REL,OVR)

      Value  Global                              Global Defined In Module
      -----  --------------------------------   ------------------------
     0000006E  __start__stack                     SquareEdition

ASxxxx Linker V03.00 + NoICE + sdld,  page 11.
Hexadecimal  [32-Bits]

Area                                    Addr        Size        Decimal Bytes (Attributes)
--------------------------------        ----        ----        ------- ----- ------------
HOME                                00000000    00000006 =           6. bytes (REL,CON,CODE)

      Value  Global                              Global Defined In Module
      -----  --------------------------------   ------------------------
C:   00000003  __sdcc_program_startup             SquareEdition

ASxxxx Linker V03.00 + NoICE + sdld,  page 12.
Hexadecimal  [32-Bits]

Area                                    Addr        Size        Decimal Bytes (Attributes)
--------------------------------        ----        ----        ------- ----- ------------
GSINIT0                             00000006    00000003 =           3. bytes (REL,CON,CODE)

      Value  Global                              Global Defined In Module
      -----  --------------------------------   ------------------------
C:   00000006  __sdcc_gsinit_startup              

ASxxxx Linker V03.00 + NoICE + sdld,  page 13.
Hexadecimal  [32-Bits]

Area                                    Addr        Size        Decimal Bytes (Attributes)
--------------------------------        ----        ----        ------- ----- ------------
GSINIT2                             00000009    0000000A =          10. bytes (REL,CON,CODE)

      Value  Global                              Global Defined In Module
      -----  --------------------------------   ------------------------
ASxxxx Linker V03.00 + NoICE + sdld,  page 14.
Hexadecimal  [32-Bits]

Area                                    Addr        Size        Decimal Bytes (Attributes)
--------------------------------        ----        ----        ------- ----- ------------
GSINIT3                             00000013    00000022 =          34. bytes (REL,CON,CODE)

      Value  Global                              Global Defined In Module
      -----  --------------------------------   ------------------------
C:   00000013  __mcs51_genXINIT                   

ASxxxx Linker V03.00 + NoICE + sdld,  page 15.
Hexadecimal  [32-Bits]

Area                                    Addr        Size        Decimal Bytes (Attributes)
--------------------------------        ----        ----        ------- ----- ------------
GSINIT4                             00000035    0000002A =          42. bytes (REL,CON,CODE)

      Value  Global                              Global Defined In Module
      -----  --------------------------------   ------------------------
C:   00000035  __mcs51_genRAMCLEAR                
C:   0000003B  __mcs51_genXRAMCLEAR               

ASxxxx Linker V03.00 + NoICE + sdld,  page 16.
Hexadecimal  [32-Bits]

Area                                    Addr        Size        Decimal Bytes (Attributes)
--------------------------------        ----        ----        ------- ----- ------------
GSINIT                              0000005F    00000006 =           6. bytes (REL,CON,CODE)

      Value  Global                              Global Defined In Module
      -----  --------------------------------   ------------------------
ASxxxx Linker V03.00 + NoICE + sdld,  page 17.
Hexadecimal  [32-Bits]

Area                                    Addr        Size        Decimal Bytes (Attributes)
--------------------------------        ----        ----        ------- ----- ------------
GSFINAL                             00000065    00000003 =           3. bytes (REL,CON,CODE)

      Value  Global                              Global Defined In Module
      -----  --------------------------------   ------------------------
ASxxxx Linker V03.00 + NoICE + sdld,  page 18.
Hexadecimal  [32-Bits]

Area                                    Addr        Size        Decimal Bytes (Attributes)
--------------------------------        ----        ----        ------- ----- ------------
CSEG                                00000068    00000249 =         585. bytes (REL,CON,CODE)

      Value  Global                              Global Defined In Module
      -----  --------------------------------   ------------------------
C:   00000068  _Delay_xms                         SquareEdition
C:   00000093  _Write_Max7219_byte                SquareEdition
C:   000000AF  _Write_Max7219                     SquareEdition
C:   000000C1  _Init_Max7219                      SquareEdition
C:   000000EE  _printLEDs                         SquareEdition
C:   00000136  _reset                             SquareEdition
C:   00000137  _nextCell                          SquareEdition
C:   00000182  _setFood                           SquareEdition
C:   00000183  _moveSnake                         SquareEdition
C:   000001AC  _step                              SquareEdition
C:   00000203  _snake_to_LED                      SquareEdition
C:   00000274  _main                              SquareEdition
C:   00000292  __gptrput                          _gptrput
C:   000002AD  __sdcc_external_startup            _startup

ASxxxx Linker V03.00 + NoICE + sdld,  page 19.

Files Linked                              [ module(s) ]

SquareEdition.rel                         [  ]


Libraries Linked                          [ object file ]

/usr/local/bin/../share/sdcc/lib/small/mcs51.lib
                                          [ crtclear.rel ]
/usr/local/bin/../share/sdcc/lib/small/mcs51.lib
                                          [ crtxinit.rel ]
/usr/local/bin/../share/sdcc/lib/small/libsdcc.lib
                                          [ _gptrput.rel ]
/usr/local/bin/../share/sdcc/lib/small/mcs51.lib
                                          [ crtxclear.rel ]
/usr/local/bin/../share/sdcc/lib/small/mcs51.lib
                                          [ crtpagesfr.rel ]
/usr/local/bin/../share/sdcc/lib/small/mcs51.lib
                                          [ crtstart.rel ]
/usr/local/bin/../share/sdcc/lib/small/libsdcc.lib
                                          [ _startup.rel ]

ASxxxx Linker V03.00 + NoICE + sdld,  page 20.

User Base Address Definitions

HOME = 0x0000
XSEG = 0x0001
PSEG = 0x0001
ISEG = 0x0000
BSEG = 0x0000

